\BOOKMARK [1][-]{section.1}{\376\377\004\037\004\076\004\101\004\102\004\060\004\075\004\076\004\062\004\072\004\060\000\040\004\067\004\060\004\064\004\060\004\107\004\070}{}% 1
\BOOKMARK [2][-]{subsection.1.1}{\376\377\004\032\004\076\004\075\004\102\004\065\004\072\004\101\004\102\000\040\004\070\000\040\004\074\004\076\004\102\004\070\004\062\004\060\004\106\004\070\004\117}{section.1}% 2
\BOOKMARK [2][-]{subsection.1.2}{\376\377\004\023\004\070\004\077\004\076\004\102\004\065\004\067\004\113}{section.1}% 3
\BOOKMARK [2][-]{subsection.1.3}{\376\377\004\046\004\065\004\073\004\070\000\040\004\100\004\060\004\061\004\076\004\102\004\113}{section.1}% 4
\BOOKMARK [1][-]{section.2}{\376\377\004\034\004\065\004\102\004\076\004\064\004\076\004\073\004\076\004\063\004\070\004\117}{}% 5
\BOOKMARK [2][-]{subsection.2.1}{\376\377\004\034\004\076\004\064\004\065\004\073\004\070\000\040\004\070\000\040\004\072\004\062\004\060\004\075\004\102\004\070\004\067\004\060\004\106\004\070\004\070}{section.2}% 6
\BOOKMARK [2][-]{subsection.2.2}{\376\377\004\024\004\060\004\102\004\060\004\101\004\065\004\102}{section.2}% 7
\BOOKMARK [2][-]{subsection.2.3}{\376\377\004\032\004\076\004\075\004\062\004\065\004\071\004\065\004\100\000:\000\040\004\107\004\065\004\102\004\113\004\100\004\065\000\040\004\104\004\060\004\067\004\113}{section.2}% 8
\BOOKMARK [2][-]{subsection.2.4}{\376\377\004\030\004\075\004\104\004\100\004\060\004\101\004\102\004\100\004\103\004\072\004\102\004\103\004\100\004\060}{section.2}% 9
\BOOKMARK [1][-]{section.3}{\376\377\004\045\004\076\004\064\000\040\004\100\004\060\004\061\004\076\004\102\004\113\000\040\004\070\000\040\004\102\004\065\004\105\004\075\004\070\004\107\004\065\004\101\004\072\004\070\004\065\000\040\004\077\004\100\004\065\004\077\004\117\004\102\004\101\004\102\004\062\004\070\004\117}{}% 10
\BOOKMARK [2][-]{subsection.3.1}{\376\377\004\040\004\065\004\063\004\100\004\065\004\101\004\101\004\070\004\117\000\040\004\062\000\040\000t\000r\000a\000n\000s\000f\000o\000r\000m\000e\000r\000s\000\040\004\073\004\076\004\074\004\060\004\065\004\102\000\040\000H\000Q\000Q\000\040\000K\000V\000-\000c\000a\000c\000h\000e}{section.3}% 11
\BOOKMARK [2][-]{subsection.3.2}{\376\377\000S\000D\000P\000A\000-\000a\000t\000t\000e\000n\000t\000i\000o\000n\000\040\004\075\004\065\004\101\004\076\004\062\004\074\004\065\004\101\004\102\004\070\004\074\000\040\004\101\000\040\000H\000Q\000Q\000-\000d\000e\000q\000u\000a\000n\000t\000i\000z\000e\000d\000\040\004\102\004\065\004\075\004\067\004\076\004\100\004\060\004\074\004\070}{section.3}% 12
\BOOKMARK [2][-]{subsection.3.3}{\376\377\000E\000a\000g\000e\000r\000\040\000a\000t\000t\000e\000n\000t\000i\000o\000n\000\040\004\101\004\073\004\070\004\110\004\072\004\076\004\074\000\040\004\074\004\065\004\064\004\073\004\065\004\075\004\075\004\113\004\071\000\040\004\064\004\073\004\117\000\040\000H\000Q\000Q\000\040\000\040\0007\000B}{section.3}% 13
\BOOKMARK [2][-]{subsection.3.4}{\376\377\004\040\004\060\004\067\004\075\004\113\004\065\000\040\004\077\004\100\004\065\004\064\004\101\004\102\004\060\004\062\004\073\004\065\004\075\004\070\004\117\000\040\000f\000i\000n\000i\000s\000h\000\137\000r\000e\000a\000s\000o\000n\000\040\004\062\000\040\000v\000L\000L\000M\000\040\004\070\000\040\000H\000F}{section.3}% 14
\BOOKMARK [2][-]{subsection.3.5}{\376\377\004\021\004\116\004\064\004\066\004\065\004\102\000\040\004\070\000\040\004\102\004\060\004\071\004\074\004\073\004\060\004\071\004\075}{section.3}% 15
\BOOKMARK [1][-]{section.4}{\376\377\004\040\004\065\004\067\004\103\004\073\004\114\004\102\004\060\004\102\004\113}{}% 16
\BOOKMARK [2][-]{subsection.4.1}{\376\377\000H\000e\000a\000d\000l\000i\000n\000e\000:\000\040\000a\000c\000c\000u\000r\000a\000c\000y\000\040\004\077\004\076\000\040\004\101\004\065\004\074\004\065\004\071\004\101\004\102\004\062\004\060\004\074\000\040\004\074\004\076\004\064\004\065\004\073\004\065\004\071}{section.4}% 17
\BOOKMARK [2][-]{subsection.4.2}{\376\377\000P\000e\000r\000-\000m\000o\000d\000e\000l\000\040\0002\000\040\004\102\004\060\004\072\004\101\004\076\004\075\004\076\004\074\004\070\004\070\000\040\004\101\004\061\004\076\004\065\004\062\000\040\000\050\000I\000d\000e\000a\000\040\0001\000\051}{section.4}% 18
\BOOKMARK [2][-]{subsection.4.3}{\376\377\004\020\004\075\004\076\004\074\004\060\004\073\004\070\004\117\000\040\000q\000u\000a\000n\000t\000\137\000o\000n\000l\000y\000\040\004\075\004\060\000\040\000Q\000w\000e\000n\0003\000\040\000\050\000I\000d\000e\000a\000\040\0003\000\051}{section.4}% 19
\BOOKMARK [2][-]{subsection.4.4}{\376\377\004\037\004\076\004\067\004\070\004\106\004\070\004\117\000\040\004\100\004\060\004\101\004\105\004\076\004\066\004\064\004\065\004\075\004\070\004\117\000\040\004\062\000\040\004\102\004\100\004\060\004\101\004\101\004\065\000\040\000\050\000E\000x\000t\000r\000a\000\040\0005\000\051}{section.4}% 20
\BOOKMARK [2][-]{subsection.4.5}{\376\377\000T\000o\000k\000e\000n\000\040\000e\000f\000f\000i\000c\000i\000e\000n\000c\000y\000\040\000\050\000E\000x\000t\000r\000a\000\040\0006\000\051}{section.4}% 21
\BOOKMARK [2][-]{subsection.4.6}{\376\377\004\040\004\060\004\101\004\077\004\100\004\065\004\064\004\065\004\073\004\065\004\075\004\070\004\065\000\040\000f\000i\000n\000i\000s\000h\000\137\000r\000e\000a\000s\000o\000n\000\040\000\050\000E\000x\000t\000r\000a\000\040\0008\000\051}{section.4}% 22
\BOOKMARK [2][-]{subsection.4.7}{\376\377\004\022\004\060\004\073\004\070\004\064\004\060\004\106\004\070\004\117\000\040\004\102\004\060\004\072\004\101\004\076\004\075\004\076\004\074\004\070\004\070\000:\000\040\000c\000o\000n\000f\000i\000d\000e\000n\000c\000e\000\040\004\101\004\103\004\064\004\114\004\070\000\040\000\050\000E\000x\000t\000r\000a\000\040\0007\000\051}{section.4}% 23
\BOOKMARK [2][-]{subsection.4.8}{\376\377\004\023\004\073\004\076\004\061\004\060\004\073\004\114\004\075\004\060\004\117\000\040\004\101\004\102\004\060\004\102\004\070\004\101\004\102\004\070\004\072\004\060\000\040\004\100\004\060\004\101\004\105\004\076\004\066\004\064\004\065\004\075\004\070\004\071\000\040\000\050\000E\000x\000t\000r\000a\000\040\0009\000\051}{section.4}% 24
\BOOKMARK [1][-]{section.5}{\376\377\004\022\004\113\004\062\004\076\004\064\004\113}{}% 25
\BOOKMARK [1][-]{section.6}{\376\377\004\036\004\063\004\100\004\060\004\075\004\070\004\107\004\065\004\075\004\070\004\117}{}% 26
\BOOKMARK [1][-]{section.7}{\376\377\004\021\004\103\004\064\004\103\004\111\004\060\004\117\000\040\004\100\004\060\004\061\004\076\004\102\004\060}{}% 27
\BOOKMARK [1][-]{section.8}{\376\377\004\022\004\076\004\101\004\077\004\100\004\076\004\070\004\067\004\062\004\076\004\064\004\070\004\074\004\076\004\101\004\102\004\114\000\040\004\070\000\040\004\060\004\100\004\102\004\065\004\104\004\060\004\072\004\102\004\113}{}% 28
\BOOKMARK [2][-]{subsection.8.1}{\376\377\004\032\004\076\004\064}{section.8}% 29
\BOOKMARK [2][-]{subsection.8.2}{\376\377\004\027\004\060\004\062\004\070\004\101\004\070\004\074\004\076\004\101\004\102\004\070}{section.8}% 30
\BOOKMARK [2][-]{subsection.8.3}{\376\377\004\020\004\100\004\102\004\065\004\104\004\060\004\072\004\102\004\113}{section.8}% 31
\BOOKMARK [2][-]{subsection.8.4}{\376\377\000C\000I\000\040\004\070\000\040\004\102\004\065\004\101\004\102\004\113}{section.8}% 32
\BOOKMARK [1][-]{appendix.A}{\376\377\004\037\004\100\004\065\004\064\004\101\004\102\004\060\004\062\004\070\004\102\004\065\004\073\004\114\004\075\004\113\004\071\000\040\000q\000u\000a\000n\000t\000\137\000o\000n\000l\000y\000\040\004\072\004\065\004\071\004\101}{}% 33
\BOOKMARK [1][-]{appendix.B}{\376\377\004\041\004\077\004\070\004\101\004\076\004\072\000\040\000s\000u\000p\000p\000l\000e\000m\000e\000n\000t\000a\000r\000y\000\040\004\060\004\100\004\102\004\065\004\104\004\060\004\072\004\102\004\076\004\062}{}% 34
